// Jest Snapshot v1, https://goo.gl/fbAQLP

exports[`empty, no props 1`] = `
<PickerDialog>
  <PickerIOSDialog
    mode="dialog"
  >
    <Component
      style={
        Array [
          Object {
            "flex": 1,
            "marginTop": 60,
          },
          undefined,
        ]
      }
    >
      <react-native-mock>
        <TouchableHighlight
          onPress={[Function]}
          style={
            Object {
              "marginBottom": 25,
              "marginTop": 25,
            }
          }
          underlayColor="transparent"
        >
          <react-native-mock>
            <Component
              style={
                Object {
                  "textAlign": "center",
                }
              }
            >
              <react-native-mock />
            </Component>
          </react-native-mock>
        </TouchableHighlight>
      </react-native-mock>
    </Component>
  </PickerIOSDialog>
</PickerDialog>
`;
